Launching lib\main.dart on Windows in debug mode...
Building Windows application...                                    10.1s
ΓêÜ Built build\windows\x64\runner\Debug\hi.exe
Syncing files to device Windows...                                 183ms

Flutter run key commands.
r Hot reload. 
R Hot restart.
h List all available interactive commands.
d Detach (terminate "flutter run" but leave application running).
c Clear the screen
q Quit (terminate the application on the device).

A Dart VM Service on Windows is available at: http://127.0.0.1:60762/AKiJJlfkXcM=/
The Flutter DevTools debugger and profiler on Windows is available at: http://127.0.0.1:9101?uri=http://127.0.0.1:60762/AKiJJlfkXcM=/
Lost connection to device.
